CCS PCM C Compiler, Version 5.109, 43599               02-Apr-23 22:11

               Filename:   E:\PIC 16F887\Code\ledsangdich+sangdan\dip4led7seg.lst

               ROM used:   96 words (1%)
                           Largest free fragment is 2048
               RAM used:   24 (7%) at main() level
                           24 (7%) worst case
               Stack used: 0 locations
               Stack size: 8

*
0000:  MOVLW  00
0001:  MOVWF  0A
0002:  GOTO   004
0003:  NOP
.................... #include <16F887.h>
.................... //////////// Standard Header file for the PIC16F887 device ////////////////
.................... ///////////////////////////////////////////////////////////////////////////
.................... ////        (C) Copyright 1996, 2020 Custom Computer Services          ////
.................... //// This source code may only be used by licensed users of the CCS C  ////
.................... //// compiler.  This source code may only be distributed to other      ////
.................... //// licensed users of the CCS C compiler.  No other use, reproduction ////
.................... //// or distribution is permitted without written permission.          ////
.................... //// Derivative programs created using this software in object code    ////
.................... //// form are not restricted in any way.                               ////
.................... ///////////////////////////////////////////////////////////////////////////
.................... #device PIC16F887
.................... 
.................... #list
.................... 
.................... #fuses INTRC
.................... #use delay(CLOCK=8MHz)
.................... int8 varCount;
....................                      //"0"  "1"  "2"  "3"  "4"  "5"  "6"  "7"  "8"  "9"
.................... int8 aryCode7Seg[16]={0xC0,0xF9,0xA4,0xB0,0x99,0x92,0x82,0xF8,0x80,0x90,0x88,0x83,0xC6,0xA1,0x86,0x8E};
*
001F:  MOVLW  C0
0020:  BCF    03.6
0021:  MOVWF  21
0022:  MOVLW  F9
0023:  MOVWF  22
0024:  MOVLW  A4
0025:  MOVWF  23
0026:  MOVLW  B0
0027:  MOVWF  24
0028:  MOVLW  99
0029:  MOVWF  25
002A:  MOVLW  92
002B:  MOVWF  26
002C:  MOVLW  82
002D:  MOVWF  27
002E:  MOVLW  F8
002F:  MOVWF  28
0030:  MOVLW  80
0031:  MOVWF  29
0032:  MOVLW  90
0033:  MOVWF  2A
0034:  MOVLW  88
0035:  MOVWF  2B
0036:  MOVLW  83
0037:  MOVWF  2C
0038:  MOVLW  C6
0039:  MOVWF  2D
003A:  MOVLW  A1
003B:  MOVWF  2E
003C:  MOVLW  86
003D:  MOVWF  2F
003E:  MOVLW  8E
003F:  MOVWF  30
.................... void main()
*
0004:  MOVF   03,W
0005:  ANDLW  1F
0006:  MOVWF  03
0007:  MOVLW  71
0008:  BSF    03.5
0009:  MOVWF  0F
000A:  CLRF   10
000B:  MOVF   0F,W
000C:  MOVLW  FF
000D:  BCF    03.5
000E:  MOVWF  31
000F:  BSF    03.5
0010:  BSF    03.6
0011:  MOVF   09,W
0012:  ANDLW  C0
0013:  MOVWF  09
0014:  BCF    03.6
0015:  BCF    1F.4
0016:  BCF    1F.5
0017:  MOVLW  00
0018:  BSF    03.6
0019:  MOVWF  08
001A:  BCF    03.5
001B:  CLRF   07
001C:  CLRF   08
001D:  CLRF   09
001E:  BCF    03.7
.................... {
.................... set_tris_b(0b11111111);
*
0040:  MOVLW  FF
0041:  BSF    03.5
0042:  MOVWF  06
.................... port_b_pullups(0b11111111);
0043:  MOVWF  15
0044:  BCF    01.7
.................... set_tris_c(0b00000000);
0045:  MOVLW  00
0046:  MOVWF  07
0047:  BCF    03.5
0048:  MOVWF  31
.................... while(TRUE)
.................... {
.................... varCount=input_b();
0049:  MOVLW  FF
004A:  BSF    03.5
004B:  MOVWF  06
004C:  BCF    03.5
004D:  MOVF   06,W
004E:  MOVWF  20
.................... varCount=varCount&0b00001111;
004F:  MOVLW  0F
0050:  ANDWF  20,F
.................... output_c(aryCode7Seg[varCount]);
0051:  MOVLW  21
0052:  ADDWF  20,W
0053:  MOVWF  04
0054:  BCF    03.7
0055:  MOVF   00,W
0056:  MOVWF  32
0057:  MOVLW  00
0058:  MOVWF  31
0059:  BSF    03.5
005A:  CLRF   07
005B:  BCF    03.5
005C:  MOVF   32,W
005D:  MOVWF  07
005E:  GOTO   049
.................... }
.................... }
.................... 
005F:  SLEEP

Configuration Fuses:
   Word  1: 2FE5   INTRC NOWDT PUT MCLR NOPROTECT NOCPD BROWNOUT IESO FCMEN NOLVP NODEBUG
   Word  2: 3FFF   BORV40 NOWRT
